cargo :     Checking 
flowbot-rs v0.1.0 
(C:\Users\AMAN ANU\De
sktop\amxcodes\nanobo
t\nanobot-rs-clean)
At line:1 char:1
+ cargo check 2>&1 | 
Out-File -FilePath 
build_errors.log 
-Encoding utf8
+ ~~~~~~~~~~~~~~~~
    + CategoryInfo   
           : NotSpe  
  cified: (    Che   
 cking fl...nobot    
-rs-clean):Strin    
g) [], RemoteExc    
eption
    + FullyQualified 
   ErrorId : Native  
  CommandError
 
error: let chains 
are only allowed in 
Rust 2024 or later
   --> src\antigravit
y.rs:505:12
    |
505 |         && let 
Some(token) = 
&auth_token {
    |            ^^^^
^^^^^^^^^^^^^^^^^^^^^
^^^^

error: let chains 
are only allowed in 
Rust 2024 or later
   --> src\antigravit
y.rs:585:13
    |
585 |          if 
let 
Some(first_content) 
= modified_request.co
ntents.first()
    |             ^^^
^^^^^^^^^^^^^^^^^^^^^
^^^^^^^^^^^^^^^^^^^^^
^^^^^^^^^^^^^^

error: let chains 
are only allowed in 
Rust 2024 or later
   --> src\antigravit
y.rs:586:17
    |
586 |              
&& let 
Some(first_part) = fi
rst_content.parts.fir
st() {
    |                
 ^^^^^^^^^^^^^^^^^^^^
^^^^^^^^^^^^^^^^^^^^^
^^^^^^^^^

error: let chains 
are only allowed in 
Rust 2024 or later
   --> src\antigravit
y.rs:903:21
    |
903 |                
  if let Ok(text) = 
resp.text().await
    |                
     ^^^^^^^^^^^^^^^^
^^^^^^^^^^^^^^^^

error: let chains 
are only allowed in 
Rust 2024 or later
   --> src\antigravit
y.rs:904:25
    |
904 |                
      && let 
Ok(json) = serde_json
::from_str::<serde_js
on::Value>(&text)
    |                
         ^^^^^^^^^^^^
^^^^^^^^^^^^^^^^^^^^^
^^^^^^^^^^^^^^^^^^^^^
^^^^^^^^^

error: let chains 
are only allowed in 
Rust 2024 or later
   --> src\antigravit
y.rs:905:29
    |
905 |                
          && let 
Some(models_obj) = js
on.get("models").and_
then(|m| 
m.as_object()) {
    |                
             ^^^^^^^^
^^^^^^^^^^^^^^^^^^^^^
^^^^^^^^^^^^^^^^^^^^^
^^^^^^^^^^^^^^^^^^^

error: let chains 
are only allowed in 
Rust 2024 or later
    --> src\antigravi
ty.rs:1034:24
     |
1034 |               
      if let 
Some(first_content) 
= modified_request.co
ntents.first()
     |               
         ^^^^^^^^^^^^
^^^^^^^^^^^^^^^^^^^^^
^^^^^^^^^^^^^^^^^^^^^
^^^^^

error: let chains 
are only allowed in 
Rust 2024 or later
    --> src\antigravi
ty.rs:1035:28
     |
1035 |               
          && let 
Some(first_part) = fi
rst_content.parts.fir
st() {
     |               
             ^^^^^^^^
^^^^^^^^^^^^^^^^^^^^^
^^^^^^^^^^^^^^^^^^^^^

error: let chains 
are only allowed in 
Rust 2024 or later
    --> src\antigravi
ty.rs:1216:52
     |
1216 | ...           
        if let 
Some(content) = candi
date.get("content")
     |               
           ^^^^^^^^^^
^^^^^^^^^^^^^^^^^^^^^
^^^^^^^^^^^^^

error: let chains 
are only allowed in 
Rust 2024 or later
    --> src\antigravi
ty.rs:1217:56
     |
1217 | ...           
        && let 
Some(parts) = content
.get("parts").and_the
n(|p| p.as_array()) {
     |               
           ^^^^^^^^^^
^^^^^^^^^^^^^^^^^^^^^
^^^^^^^^^^^^^^^^^^^^^
^^^^^^^^^^^^^

error: let chains 
are only allowed in 
Rust 2024 or later
    --> src\antigravi
ty.rs:1228:64
     |
1228 | ...           
        if let 
Some(text) = part.get
("text").and_then(|t|
 t.as_str())
     |               
           ^^^^^^^^^^
^^^^^^^^^^^^^^^^^^^^^
^^^^^^^^^^^^^^^^^^^^^
^^^^^^

error: let chains 
are only allowed in 
Rust 2024 or later
    --> src\antigravi
ty.rs:1265:28
     |
1265 |               
          if let 
Some(candidates) = fi
nal_response.candidat
es.as_mut()
     |               
             ^^^^^^^^
^^^^^^^^^^^^^^^^^^^^^
^^^^^^^^^^^^^^^^^^^^^
^^^^^^^

error: let chains 
are only allowed in 
Rust 2024 or later
    --> src\antigravi
ty.rs:1266:32
     |
1266 | ...           
        && let 
Some(candidate) = can
didates.first_mut()
     |               
           ^^^^^^^^^^
^^^^^^^^^^^^^^^^^^^^^
^^^^^^^^^^^^^

error: let chains 
are only allowed in 
Rust 2024 or later
    --> src\antigravi
ty.rs:1267:36
     |
1267 | ...           
        && let 
Some(content) = candi
date.content.as_mut()
 {
     |               
           ^^^^^^^^^^
^^^^^^^^^^^^^^^^^^^^^
^^^^^^^^^^^^^^^

error: let chains 
are only allowed in 
Rust 2024 or later
  --> src\tools\fetch
.rs:34:8
   |
34 |     if let 
Some(len) = 
res.content_length()
   |        ^^^^^^^^^
^^^^^^^^^^^^^^^^^^^^^
^^^^^^

error: let chains 
are only allowed in 
Rust 2024 or later
  --> 
src\doctor.rs:19:16
   |
19 |             if 
let Some(ref gl) = cf
g.providers.antigravi
ty
   |                ^
^^^^^^^^^^^^^^^^^^^^^
^^^^^^^^^^^^^^^^^^^^^
^

error: let chains 
are only allowed in 
Rust 2024 or later
  --> 
src\doctor.rs:24:16
   |
24 |             if 
let Some(ref oa) = 
cfg.providers.openai
   |                ^
^^^^^^^^^^^^^^^^^^^^^
^^^^^^^^^^^^^^^^^

error: let chains 
are only allowed in 
Rust 2024 or later
  --> 
src\doctor.rs:48:8
   |
48 |     if let 
Some(parent) = 
db_path.parent()
   |        ^^^^^^^^^
^^^^^^^^^^^^^^^^^^^^^
^^^^^

error: let chains 
are only allowed in 
Rust 2024 or later
   --> 
src\oauth.rs:207:12
    |
207 |         if let 
Some(verifier) = 
&self.code_verifier
    |            ^^^^
^^^^^^^^^^^^^^^^^^^^^
^^^^^^^^^^^^^^^

error: let chains 
are only allowed in 
Rust 2024 or later
  --> src\token_manag
er.rs:38:16
   |
38 |             if 
let Some(token) = 
guard.as_ref()
   |                ^
^^^^^^^^^^^^^^^^^^^^^
^^^^^^^^^^

error: let chains 
are only allowed in 
Rust 2024 or later
  --> src\token_manag
er.rs:49:12
   |
49 |         if let 
Some(token) = 
guard.as_ref()
   |            ^^^^^
^^^^^^^^^^^^^^^^^^^^^
^^^^^^

warning: use of 
deprecated function 
`rand::thread_rng`: 
Renamed to `rng`
  --> 
src\oauth.rs:27:37
   |
27 |                 
let mut rng = 
rand::thread_rng();
   |                 
                    
^^^^^^^^^^
   |
   = note: `#[warn(de
precated)]` on by 
default

warning: use of 
deprecated function 
`rand::thread_rng`: 
Renamed to `rng`
  --> src\pairing\mod
.rs:11:25
   |
11 |     let mut rng 
= rand::thread_rng();
   |                 
        ^^^^^^^^^^

warning: unused 
variable: `api_key`
   --> src\antigravit
y.rs:478:5
    |
478 |     api_key: 
&Option<String>,
    |     ^^^^^^^ 
help: if this is 
intentional, prefix 
it with an 
underscore: 
`_api_key`
    |
    = note: `#[warn(u
nused_variables)]` 
on by default

warning: unused 
variable: 
`noise_selector`
  --> src\tools\fetch
.rs:50:13
   |
50 |         let 
noise_selector = Sele
ctor::parse("script, 
style, nav, footer, 
iframe, svg, 
noscript").unwrap();
   |             
^^^^^^^^^^^^^^ help: 
if this is 
intentional, prefix 
it with an 
underscore: 
`_noise_selector`

warning: unused 
variable: 
`allowed_users`
  --> 
src\telegram.rs:77:17
   |
77 |             let 
allowed_users = allow
ed_users.clone();
   |                 
^^^^^^^^^^^^^ help: 
if this is 
intentional, prefix 
it with an 
underscore: 
`_allowed_users`

warning: unused 
variable: `label`
   --> src\gateway\ag
ent_manager.rs:112:9
    |
112 |         label: 
Option<String>,
    |         ^^^^^ 
help: if this is 
intentional, prefix 
it with an 
underscore: `_label`

warning: use of 
deprecated method 
`rand::Rng::gen`: 
Renamed to `random` 
to avoid conflict 
with the new `gen` 
keyword in Rust 2024.
  --> 
src\oauth.rs:28:50
   |
28 |                 
let random_bytes: 
[u8; 32] = 
rng.r#gen();
   |                 
                     
            ^^^^^

warning: use of 
deprecated method `ra
nd::Rng::gen_range`: 
Renamed to 
`random_range`
  --> src\pairing\mod
.rs:12:26
   |
12 |     
format!("{:06}", rng.
gen_range(0..1000000)
)
   |                 
         ^^^^^^^^^

warning: 
`flowbot-rs` (lib) 
generated 8 warnings
error: could not 
compile `flowbot-rs` 
(lib) due to 21 
previous errors; 8 
warnings emitted
