cargo :     Checking cfg-if v1.0.4
At line:1 char:1
+ cargo check --release --lib -p nanobot-core 2>&1 | 
Out-File -FilePath ...
+ ~~~~~~~~~~~~~~~~~~~~~~~~~~~~~~~~~~~~~~~~~~~~~~~~
    + CategoryInfo          : NotSpecified: (    Checking c 
   fg-if v1.0.4:String) [], RemoteException
    + FullyQualifiedErrorId : NativeCommandError
 
    Checking windows-link v0.2.1
    Checking smallvec v1.15.1
    Checking memchr v2.7.6
    Checking log v0.4.29
    Checking itoa v1.0.17
    Checking pin-project-lite v0.2.16
    Checking once_cell v1.21.3
    Checking scopeguard v1.2.0
    Checking stable_deref_trait v1.2.1
    Checking futures-core v0.3.31
    Checking serde_core v1.0.228
    Checking bytes v1.11.0
    Checking windows_x86_64_msvc v0.53.1
    Checking futures-sink v0.3.31
    Checking slab v0.4.12
    Checking zerofrom v0.1.6
    Checking windows-sys v0.61.2
    Checking windows-targets v0.53.5
    Checking lock_api v0.4.14
    Checking pin-utils v0.1.0
    Checking num-traits v0.2.19
    Checking futures-task v0.3.31
    Checking futures-io v0.3.31
    Checking futures-channel v0.3.31
    Checking foldhash v0.2.0
    Checking allocator-api2 v0.2.21
    Checking tracing-core v0.1.36
    Checking windows-sys v0.60.2
    Checking parking_lot_core v0.9.12
    Checking yoke v0.8.1
    Checking equivalent v1.0.2
    Checking zerocopy v0.8.37
    Checking crossbeam-utils v0.8.21
    Checking writeable v0.6.2
    Checking litemap v0.8.1
    Checking fnv v1.0.7
    Checking futures-util v0.3.31
    Checking libc v0.2.180
    Checking zerovec v0.11.5
    Checking http v1.4.0
    Checking parking_lot v0.12.5
    Checking zerotrie v0.2.3
    Checking tower-service v0.3.3
    Checking percent-encoding v2.3.2
    Checking httparse v1.10.1
    Checking bitflags v2.10.0
    Checking getrandom v0.3.4
    Checking tracing v0.1.44
    Checking icu_normalizer_data v2.1.1
    Checking icu_properties_data v2.1.2
    Checking zmij v1.0.19
    Checking windows_x86_64_msvc v0.52.6
    Checking try-lock v0.2.5
    Checking crossbeam-epoch v0.9.18
    Checking httpdate v1.0.3
    Checking form_urlencoded v1.2.2
    Checking getrandom v0.2.17
    Checking either v1.15.0
    Checking windows-targets v0.52.6
    Checking want v0.3.1
    Checking utf8_iter v1.0.4
    Checking ryu v1.0.22
    Checking simd-adler32 v0.3.8
    Checking zeroize v1.8.2
    Checking new_debug_unreachable v1.0.6
    Checking tinystr v0.8.2
    Checking potential_utf v0.1.4
    Checking num-integer v0.1.46
    Checking crossbeam-deque v0.8.6
    Checking mime v0.3.17
    Checking byteorder v1.5.0
    Checking ipnet v2.11.0
    Checking thiserror v2.0.18
    Checking typenum v1.19.0
    Checking rustls-pki-types v1.14.0
    Checking icu_collections v2.1.1
    Checking icu_locale_core v2.1.1
    Checking http-body v1.0.1
    Checking aho-corasick v1.1.4
    Checking rayon-core v1.13.0
    Checking powerfmt v0.2.0
    Checking atomic-waker v1.1.2
    Checking regex-syntax v0.8.8
    Checking adler2 v2.0.1
    Checking tower-layer v0.3.3
    Checking http-body-util v0.1.3
    Checking deranged v0.5.5
    Checking miniz_oxide v0.8.9
    Checking equator v0.4.2
    Checking sync_wrapper v1.0.2
    Checking windows-strings v0.5.1
    Checking windows-result v0.4.1
    Checking num-conv v0.2.0
    Checking rayon v1.11.0
    Checking base64 v0.22.1
    Checking generic-array v0.14.7
    Checking unicase v2.9.0
    Checking socket2 v0.6.2
    Checking serde v1.0.228
    Checking hashbrown v0.16.1
    Checking serde_json v1.0.149
    Checking siphasher v1.0.2
    Checking time-core v0.1.8
    Checking icu_provider v2.1.1
    Checking unicode-width v0.2.2
    Checking phf_shared v0.11.3
    Checking mime_guess v2.0.5
    Checking windows-registry v0.6.1
    Checking aligned-vec v0.6.4
    Checking winapi v0.3.9
    Checking crc32fast v1.5.0
    Checking windows_x86_64_msvc v0.48.5
    Checking serde_urlencoded v0.7.1
    Checking icu_properties v2.1.2
    Checking icu_normalizer v2.1.1
    Checking indexmap v2.13.0
    Checking num-bigint v0.4.6
    Checking http v0.2.12
    Checking encoding_rs v0.8.35
    Checking utf-8 v0.7.6
    Checking time v0.3.46
    Checking arrayvec v0.7.6
    Checking thiserror v1.0.69
    Checking flate2 v1.1.9
    Checking windows-targets v0.48.5
    Checking futures-executor v0.3.31
    Checking v_frame v0.3.9
    Checking crypto-common v0.1.7
    Checking block-buffer v0.10.4
    Checking anyhow v1.0.100
    Checking itertools v0.14.0
    Checking windows-sys v0.52.0
    Checking as-slice v0.2.1
    Checking psl-types v2.0.11
    Checking minimal-lexical v0.2.1
    Checking regex-automata v0.4.13
    Checking untrusted v0.9.0
    Checking http-body v0.4.6
    Checking aligned v0.4.3
    Checking phf v0.11.3
    Checking ring v0.17.14
    Checking digest v0.10.7
    Checking nom v7.1.3
    Checking futures v0.3.31
    Checking windows-sys v0.48.0
    Checking rand_core v0.6.4
    Checking idna_adapter v1.2.1
    Checking windows-sys v0.59.0
    Checking rand_core v0.9.5
    Checking idna v1.1.0
    Checking num-rational v0.4.2
    Checking core2 v0.4.0
    Checking nom v8.0.0
    Checking mac v0.1.1
    Checking cpufeatures v0.2.17
    Checking precomputed-hash v0.1.1
    Checking url v2.5.8
    Checking publicsuffix v2.3.0
    Checking encode_unicode v1.0.0
    Checking socket2 v0.5.10
    Checking cookie v0.18.1
    Checking quick-error v2.0.1
    Checking ppv-lite86 v0.2.21
    Checking iri-string v0.7.10
    Checking y4m v0.8.0
    Checking av-scenechange v0.14.1
    Checking half v2.7.1
    Checking futf v0.1.5
    Checking pin-project v1.1.10
    Checking profiling v1.0.17
    Checking rand_chacha v0.3.1
    Checking rand_chacha v0.9.0
    Checking bitstream-io v4.9.0
    Checking maybe-rayon v0.1.1
    Checking cookie_store v0.22.0
    Checking chrono v0.4.43
    Checking console v0.15.11
    Checking webpki-roots v1.0.6
    Checking thread_local v1.1.9
    Checking rawpointer v0.2.1
    Checking subtle v2.6.1
    Checking weezl v0.1.12
    Checking dtoa v1.0.11
    Checking rustls-webpki v0.103.9
    Checking unicode-segmentation v1.12.0
    Checking zune-core v0.4.12
    Checking base64 v0.21.7
    Checking imgref v1.12.0
    Checking option-ext v0.2.0
    Checking dtoa-short v0.3.5
    Checking matrixmultiply v0.3.10
    Checking zune-jpeg v0.4.21
    Checking webpki-roots v0.26.11
    Checking rand v0.9.2
    Checking fax v0.2.6
    Checking rand v0.8.5
    Checking loop9 v0.1.5
    Checking onig_sys v69.9.1
    Checking rustls-pemfile v1.0.4
    Checking socks v0.3.4
    Checking tendril v0.4.3
    Checking erasable v1.3.0
    Checking ahash v0.8.12
    Checking portable-atomic v1.13.1
    Checking string_cache v0.8.9
    Checking rustls v0.23.36
    Checking sha1 v0.10.6
    Checking castaway v0.2.4
    Checking avif-serialize v0.8.6
    Checking zune-inflate v0.2.54
    Checking fdeflate v0.3.7
    Checking num-complex v0.4.6
    Checking pxfm v0.1.27
    Checking uuid v1.20.0
    Checking foldhash v0.1.5
    Checking number_prefix v0.4.0
    Checking bit_field v0.10.3
    Checking data-encoding v2.10.0
    Checking zune-core v0.5.1
    Checking lebe v0.5.3
    Checking dyn-clone v1.0.20
    Checking color_quant v1.1.0
    Checking fastrand v2.3.0
    Checking static_assertions v1.1.0
    Checking rgb v0.8.52
    Checking sync_wrapper v0.1.2
    Checking base64 v0.13.1
    Checking lazy_static v1.5.0
    Checking byteorder-lite v0.1.0
    Checking bytemuck v1.25.0
    Checking gif v0.14.1
    Checking zune-jpeg v0.5.12
    Checking exr v1.74.0
    Checking compact_str v0.9.0
    Checking sharded-slab v0.1.7
    Checking tungstenite v0.24.0
    Checking ndarray v0.17.2
    Checking spm_precompiled v0.1.4
    Checking image-webp v0.2.4
    Checking regex v1.12.2
    Checking qoi v0.4.1
    Checking av1-grain v0.2.5
    Checking matchers v0.2.0
    Checking png v0.18.0
    Checking hashbrown v0.15.5
    Checking mio v1.1.1
    Checking schannel v0.1.28
    Checking winapi-util v0.1.11
    Checking dirs-sys v0.5.0
    Checking nu-ansi-term v0.50.3
    Checking indicatif v0.17.11
    Checking dirs v6.0.0
    Checking macro_rules_attribute v0.2.2
    Checking same-file v1.0.6
    Checking rav1e v0.8.1
    Checking ref-cast v1.0.25
    Checking cssparser v0.34.0
    Checking walkdir v2.5.0
    Checking winreg v0.50.0
    Checking monostate v0.1.18
    Checking native-tls v0.2.14
    Checking tokio v1.49.0
    Checking tiff v0.10.3
    Checking markup5ever v0.14.1
    Checking rc-box v1.3.0
    Checking ort-sys v2.0.0-rc.11
    Checking derive_more v2.1.1
    Checking onig v6.5.1
    Checking derive_builder v0.20.2
    Checking esaxx-rs v0.1.10
    Checking crossterm_winapi v0.9.1
    Checking rayon-cond v0.4.0
    Checking dary_heap v0.3.8
    Checking fxhash v0.2.1
    Checking crossbeam-channel v0.5.15
    Checking tracing-log v0.2.0
    Checking bstr v1.12.1
    Checking unicode-normalization-alignments v0.1.12
    Checking servo_arc v0.4.3
    Checking never v0.1.0
    Checking bitflags v1.3.2
    Checking winnow v0.7.14
    Checking unicode_categories v0.1.1
    Checking takecell v0.1.1
    Checking take_mut v0.2.2
    Checking selectors v0.26.0
    Checking tracing-subscriber v0.3.22
    Checking axum-core v0.4.5
    Checking async-stream v0.3.6
    Checking globset v0.4.18
    Checking crossterm v0.29.0
    Checking html5ever v0.29.1
    Checking libsqlite3-sys v0.34.0
    Checking hashlink v0.10.0
    Checking tokenizers v0.22.2
    Checking schemars v1.2.1
    Checking tempfile v3.24.0
    Checking moxcms v0.7.11
    Checking croner v2.2.0
    Checking fuzzy-matcher v0.3.7
    Checking eventsource-stream v0.2.3
    Checking tracing-futures v0.2.5
    Checking dptree v0.3.0
    Checking safetensors v0.7.0
    Checking getopts v0.2.24
    Checking serde_path_to_error v0.1.20
    Checking serde_spanned v1.0.4
    Checking toml_datetime v0.7.5+spec-1.1.0
    Checking ordered-float v5.1.0
    Checking filetime v0.2.27
    Checking matchit v0.7.3
    Checking fallible-streaming-iterator v0.1.9
    Checking ego-tree v0.9.0
    Checking glob v0.3.3
    Checking shell-words v1.1.1
    Checking toml_parser v1.0.6+spec-1.1.0
    Checking futures-timer v3.0.3
    Checking toml_writer v1.0.6+spec-1.1.0
    Checking as-any v0.3.2
    Checking fallible-iterator v0.3.0
    Checking utf8-width v0.1.8
    Checking ureq v2.12.1
    Checking dialoguer v0.11.0
    Checking notify v6.1.1
    Checking scraper v0.21.0
    Checking tracing-appender v0.2.4
    Checking html-escape v0.2.13
    Checking inquire v0.9.2
    Checking ignore v0.4.25
    Checking ort v2.0.0-rc.11
    Checking rusqlite v0.36.0
    Checking toml v0.9.11+spec-1.1.0
    Checking colored v3.1.1
    Checking sha2 v0.10.9
    Checking tower-http v0.5.2
    Checking urlencoding v2.1.3
    Checking ravif v0.12.0
    Checking tokio-util v0.7.18
    Checking tokio-native-tls v0.3.1
    Checking tower v0.5.3
    Checking tokio-stream v0.1.18
    Checking tokio-tungstenite v0.24.0
    Checking tokio-cron-scheduler v0.13.0
    Checking image v0.25.9
    Checking h2 v0.4.13
    Checking h2 v0.3.27
    Checking tower-http v0.6.8
    Checking hyper v0.14.32
    Checking hyper v1.8.1
    Checking hyper-util v0.1.20
    Checking hyper-tls v0.5.0
    Checking reqwest v0.11.27
    Checking hyper-tls v0.6.0
    Checking axum v0.7.9
    Checking reqwest v0.12.28
    Checking teloxide-core v0.9.1
    Checking hf-hub v0.4.3
    Checking rig-core v0.29.0
    Checking fastembed v5.8.1
    Checking teloxide v0.12.2
    Checking nanobot-core v0.1.0 (C:\Users\AMAN ANU\Desktop\
amxcodes\nanobot\nanobot-rs-clean\crates\nanobot-core)
warning: unused import: `Context`
 --> crates\nanobot-core\src\config\agent_loader.rs:1:22
  |
1 | use anyhow::{Result, Context};
  |                      ^^^^^^^
  |
  = note: `#[warn(unused_imports)]` on by default

warning: unused import: `crate::config::Config`
  --> crates\nanobot-core\src\cron\isolated_agent.rs:95:9
   |
95 |     use crate::config::Config;
   |         ^^^^^^^^^^^^^^^^^^^^^

warning: unused import: `UNIX_EPOCH`
  --> crates\nanobot-core\src\health.rs:10:39
   |
10 | use std::time::{Duration, SystemTime, UNIX_EPOCH};
   |                                       ^^^^^^^^^^

warning: unused import: `Context`
 --> crates\nanobot-core\src\memory\watcher.rs:2:14
  |
2 | use anyhow::{Context, Result};
  |              ^^^^^^^

warning: unused import: `std::time::Duration`
 --> crates\nanobot-core\src\memory\watcher.rs:6:5
  |
6 | use std::time::Duration;
  |     ^^^^^^^^^^^^^^^^^^^

warning: unused import: `crate::tools::ToolPolicy`
 --> crates\nanobot-core\src\security\audit.rs:2:5
  |
2 | use crate::tools::ToolPolicy;
  |     ^^^^^^^^^^^^^^^^^^^^^^^^

warning: unused import: `Context`
 --> crates\nanobot-core\src\security\audit.rs:3:14
  |
3 | use anyhow::{Context, Result};
  |              ^^^^^^^

warning: unused import: `PathBuf`
 --> crates\nanobot-core\src\security\audit.rs:5:23
  |
5 | use std::path::{Path, PathBuf};
  |                       ^^^^^^^

warning: unused import: `post`
 --> crates\nanobot-core\src\server\admin.rs:4:20
  |
4 |     routing::{get, post},
  |                    ^^^^

warning: unused import: `std::sync::Arc`
 --> crates\nanobot-core\src\shutdown.rs:2:5
  |
2 | use std::sync::Arc;
  |     ^^^^^^^^^^^^^^

warning: unused import: `super::commands::*`
 --> crates\nanobot-core\src\tools\executor.rs:6:5
  |
6 | use super::commands::*;
  |     ^^^^^^^^^^^^^^^^^^

warning: unused import: `super::websearch::*`
 --> crates\nanobot-core\src\tools\executor.rs:8:5
  |
8 | use super::websearch::*;
  |     ^^^^^^^^^^^^^^^^^^^

warning: unused variable: `model_override`
  --> crates\nanobot-core\src\cron\isolated_agent.rs:92:5
   |
92 |     model_override: Option<String>,
   |     ^^^^^^^^^^^^^^ help: if this is intentional, 
prefix it with an underscore: `_model_override`
   |
   = note: `#[warn(unused_variables)]` on by default

warning: unused variable: `root`
  --> crates\nanobot-core\src\memory\watcher.rs:90:28
   |
90 | fn is_ignored(path: &Path, root: &Path) -> bool {
   |                            ^^^^ help: if this is 
intentional, prefix it with an underscore: `_root`

warning: field `workspace_watcher` is never read
   --> crates\nanobot-core\src\agent\mod.rs:111:5
    |
105 | pub struct AgentLoop {
    |            --------- field in this struct
...
111 |     workspace_watcher: 
Option<crate::memory::WorkspaceWatcher>,
    |     ^^^^^^^^^^^^^^^^^
    |
    = note: `#[warn(dead_code)]` on by default

warning: field `watcher` is never read
  --> crates\nanobot-core\src\memory\watcher.rs:11:5
   |
10 | pub struct WorkspaceWatcher {
   |            ---------------- field in this struct
11 |     watcher: RecommendedWatcher,
   |     ^^^^^^^

warning: function `IsWritable` should have a snake case name
   --> crates\nanobot-core\src\security\audit.rs:186:4
    |
186 | fn IsWritable(path: &Path) -> bool {
    |    ^^^^^^^^^^ help: convert the identifier to snake 
case: `is_writable`
    |
    = note: `#[warn(non_snake_case)]` on by default

warning: `nanobot-core` (lib) generated 17 warnings (run 
`cargo fix --lib -p nanobot-core` to apply 12 suggestions)
    Finished `release` profile [optimized] target(s) in 
41.04s
