   Compiling proc-macro2 v1.0.106
   Compiling quote v1.0.44
   Compiling unicode-ident v1.0.22
   Compiling cfg-if v1.0.4
   Compiling windows-link v0.2.1
   Compiling smallvec v1.15.1
   Compiling itoa v1.0.17
   Compiling pin-project-lite v0.2.16
   Compiling scopeguard v1.2.0
   Compiling parking_lot_core v0.9.12
   Compiling futures-core v0.3.31
   Compiling bytes v1.11.0
   Compiling version_check v0.9.5
   Compiling once_cell v1.21.3
   Compiling log v0.4.29
   Compiling windows_x86_64_msvc v0.53.1
   Compiling windows-sys v0.61.2
   Compiling lock_api v0.4.14
   Compiling futures-sink v0.3.31
   Compiling memchr v2.7.6
   Compiling equivalent v1.0.2
   Compiling slab v0.4.12
   Compiling allocator-api2 v0.2.21
   Compiling foldhash v0.2.0
   Compiling futures-channel v0.3.31
   Compiling stable_deref_trait v1.2.1
   Compiling serde_core v1.0.228
   Compiling pin-utils v0.1.0
   Compiling futures-io v0.3.31
   Compiling futures-task v0.3.31
   Compiling tracing-core v0.1.36
   Compiling zerocopy v0.8.37
   Compiling siphasher v1.0.2
   Compiling httparse v1.10.1
   Compiling fnv v1.0.7
   Compiling hashbrown v0.16.1
   Compiling rand_core v0.6.4
   Compiling serde v1.0.228
   Compiling windows-targets v0.53.5
   Compiling bitflags v2.10.0
   Compiling http v1.4.0
   Compiling phf_shared v0.11.3
   Compiling windows-sys v0.60.2
   Compiling rand v0.8.5
   Compiling parking_lot v0.12.5
   Compiling ident_case v1.0.1
   Compiling tower-service v0.3.3
   Compiling getrandom v0.3.4
   Compiling ryu v1.0.22
   Compiling autocfg v1.5.0
   Compiling litemap v0.8.1
   Compiling indexmap v2.13.0
   Compiling phf_generator v0.11.3
   Compiling writeable v0.6.2
   Compiling try-lock v0.2.5
   Compiling syn v2.0.114
   Compiling want v0.3.1
   Compiling httpdate v1.0.3
   Compiling percent-encoding v2.3.2
   Compiling typenum v1.19.0
   Compiling icu_properties_data v2.1.2
   Compiling icu_normalizer_data v2.1.1
   Compiling syn v1.0.109
   Compiling rustversion v1.0.22
   Compiling http-body v1.0.1
   Compiling socket2 v0.6.2
   Compiling generic-array v0.14.7
   Compiling windows_x86_64_msvc v0.52.6
   Compiling native-tls v0.2.14
   Compiling zmij v1.0.19
   Compiling either v1.15.0
   Compiling unicode-width v0.2.2
   Compiling serde_json v1.0.149
   Compiling heck v0.5.0
   Compiling thiserror v2.0.18
   Compiling form_urlencoded v1.2.2
   Compiling phf_codegen v0.11.3
   Compiling mime v0.3.17
   Compiling ipnet v2.11.0
   Compiling unicase v2.9.0
   Compiling strsim v0.11.1
   Compiling windows_x86_64_msvc v0.48.5
   Compiling windows-targets v0.52.6
   Compiling num-traits v0.2.19
   Compiling http v0.2.12
   Compiling mime_guess v2.0.5
   Compiling winapi v0.3.9
   Compiling unicode-segmentation v1.12.0
   Compiling utf-8 v0.7.6
   Compiling atomic-waker v1.1.2
   Compiling thiserror v1.0.69
   Compiling libc v0.2.180
   Compiling tower-layer v0.3.3
   Compiling utf8_iter v1.0.4
   Compiling new_debug_unreachable v1.0.6
   Compiling crypto-common v0.1.7
   Compiling block-buffer v0.10.4
   Compiling convert_case v0.10.0
   Compiling windows-sys v0.52.0
   Compiling castaway v0.2.4
   Compiling itertools v0.14.0
   Compiling http-body-util v0.1.3
   Compiling ahash v0.8.12
   Compiling sync_wrapper v1.0.2
   Compiling getrandom v0.2.17
   Compiling windows-strings v0.5.1
   Compiling windows-result v0.4.1
   Compiling instability v0.3.11
   Compiling byteorder v1.5.0
   Compiling indoc v2.0.7
   Compiling static_assertions v1.1.0
   Compiling strsim v0.10.0
   Compiling compact_str v0.9.0
   Compiling windows-registry v0.6.1
   Compiling ppv-lite86 v0.2.21
   Compiling windows-targets v0.48.5
   Compiling socket2 v0.5.10
   Compiling synstructure v0.13.2
   Compiling darling_core v0.23.0
   Compiling darling_core v0.13.4
   Compiling http-body v0.4.6
   Compiling digest v0.10.7
   Compiling rand_core v0.9.5
   Compiling erasable v1.3.0
   Compiling string_cache_codegen v0.5.4
   Compiling lru v0.16.3
   Compiling unicode-truncate v2.0.1
   Compiling proc-macro-error-attr v1.0.4
   Compiling encoding_rs v0.8.35
   Compiling litrs v1.0.0
   Compiling cpufeatures v0.2.17
   Compiling precomputed-hash v0.1.1
   Compiling shlex v1.3.0
   Compiling base64 v0.22.1
   Compiling powerfmt v0.2.0
   Compiling mac v0.1.1
   Compiling convert_case v0.4.0
   Compiling find-msvc-tools v0.1.9
   Compiling markup5ever v0.14.1
   Compiling futf v0.1.5
   Compiling deranged v0.5.5
   Compiling rand_chacha v0.9.0
   Compiling document-features v0.2.12
   Compiling cc v1.2.55
error: failed to write C:\Users\AMAN ANU\Desktop\amxcodes\nanobot\nanobot-rs-clean\target\release\deps\libwindows_sys-f138cdeffee520df.rmeta: The process cannot access the file because it is being used by another process. (os error 32)

   Compiling rand_chacha v0.3.1
   Compiling windows-sys v0.48.0
error: could not compile `windows-sys` (lib) due to 1 previous error
warning: build failed, waiting for other jobs to finish...
error: failed to remove C:\Users\AMAN ANU\Desktop\amxcodes\nanobot\nanobot-rs-clean\target\release\deps\syn-05d16ce54652c155.syn.134959de71695b1e-cgu.06.rcgu.o: The process cannot access the file because it is being used by another process. (os error 32)

error: could not compile `syn` (lib) due to 1 previous error
