cargo :     Checking 
flowbot-rs v0.1.0 
(C:\Users\AMAN ANU\De
sktop\amxcodes\nanobo
t\nanobot-rs-clean)
At line:1 char:1
+ cargo check 2>&1 | 
Out-File -FilePath 
compile_errors.txt
+ ~~~~~~~~~~~~~~~~
    + CategoryInfo   
           : NotSpe  
  cified: (    Che   
 cking fl...nobot    
-rs-clean):Strin    
g) [], RemoteExc    
eption
    + FullyQualified 
   ErrorId : Native  
  CommandError
 
warning: unused 
import: `Child`
 --> src\tools\proces
s.rs:4:31
  |
4 | use tokio::proces
s::{Command, Child};
  |                  
             ^^^^^
  |
  = note: `#[warn(unu
sed_imports)]` on by 
default

warning: unused 
import: `Path`
 --> src\persistence.
rs:6:17
  |
6 | use 
std::path::{Path, 
PathBuf};
  |                 
^^^^

warning: unused 
import: 
`std::sync::Mutex`
 --> src\persistence.
rs:7:5
  |
7 | use 
std::sync::Mutex;
  |     
^^^^^^^^^^^^^^^^

warning: unused 
import: `once_cell::s
ync::Lazy`
 --> src\persistence.
rs:8:5
  |
8 | use once_cell::sy
nc::Lazy;
  |     
^^^^^^^^^^^^^^^^^^^^^

warning: unused 
variable: 
`noise_selector`
  --> src\tools\fetch
.rs:51:13
   |
51 |         let 
noise_selector = Sele
ctor::parse("script, 
style, nav, footer, 
iframe, svg, 
noscript").unwrap();
   |             
^^^^^^^^^^^^^^ help: 
if this is 
intentional, prefix 
it with an 
underscore: 
`_noise_selector`
   |
   = note: `#[warn(un
used_variables)]` on 
by default

error[E0596]: cannot 
borrow `*model` as 
mutable, as it is 
behind a `&` 
reference
  --> src\memory\embe
dding_provider.rs:28:
34
   |
28 |                 
let embeddings = 
model.embed(owned, 
None)?;
   |                 
                 
^^^^^ `model` is a 
`&` reference, so 
the data it refers 
to cannot be 
borrowed as mutable

error[E0507]: cannot 
move out of 
`job_id`, a captured 
variable in an 
`FnMut` closure
   --> src\cron\mod.r
s:138:26
    |
132 |         let 
job_id = 
job.id.clone();
    |             
------   
-------------- move 
occurs because 
`job_id` has type `st
d::string::String`, 
which does not 
implement the `Copy` 
trait
    |             |
    |             
captured outer 
variable
...
137 |             
let tokio_job = Job::
new_async(expr.as_str
(), move |_uuid, 
_lock| {
    |                
                     
                     
 ------------------- 
captured by this 
`FnMut` closure
138 |                
 Box::pin(async move 
{
    |                
          ^^^^^^^^^^ 
`job_id` is moved 
here
139 |                
     // TODO: 
Execute job payload
140 |                
     println!("Cron 
job {} triggered", 
job_id);
    |                
                     
                  
------ variable 
moved due to use in 
coroutine
    |
help: consider 
cloning the value 
before moving it 
into the closure
    |
138 ~                
 Box::pin({
139 +                
 let value = 
job_id.clone();
140 ~                
 async move {
141 |                
     // TODO: 
Execute job payload
142 ~                
     println!("Cron 
job {} triggered", 
value);
143 ~                
 }
144 ~                
 })
    |

error[E0277]: the 
trait bound 
`TextEmbedding: 
Clone` is not 
satisfied
 --> src\memory\embed
ding_provider.rs:7:11
  |
5 | #[derive(Clone)]
  |          ----- 
in this derive macro 
expansion
6 | pub enum 
EmbeddingProvider {
7 |     
Local(TextEmbedding),
  |           
^^^^^^^^^^^^^ the 
trait `Clone` is not 
implemented for 
`TextEmbedding`

Some errors have 
detailed 
explanations: E0277, 
E0507, E0596.
For more information 
about an error, try 
`rustc --explain 
E0277`.
warning: 
`flowbot-rs` (lib) 
generated 5 warnings
error: could not 
compile `flowbot-rs` 
(lib) due to 3 
previous errors; 5 
warnings emitted
