cargo : warning: unused import: `crate::config::Config`
At line:1 char:1
+ cargo test -p nanobot-core --lib > test_output.txt 2>&1
+ ~~~~~~~~~~~~~~~~~~~~~~~~~~~~~~~~~~~~~~~~~~~~~~~~~~~~~~~
    + CategoryInfo          : NotSpecified: (warning: 
unused.    ..config::Config`:String) [], RemoteException
    + FullyQualifiedErrorId : NativeCommandError
 
  --> crates\nanobot-core\src\cron\isolated_agent.rs:95:9
   |
95 |     use crate::config::Config;
   |         ^^^^^^^^^^^^^^^^^^^^^
   |
   = note: `#[warn(unused_imports)]` on by default

warning: unused import: `UNIX_EPOCH`
  --> crates\nanobot-core\src\health.rs:10:39
   |
10 | use std::time::{Duration, SystemTime, UNIX_EPOCH};
   |                                       ^^^^^^^^^^

warning: unused import: `Context`
 --> crates\nanobot-core\src\memory\watcher.rs:2:14
  |
2 | use anyhow::{Context, Result};
  |              ^^^^^^^

warning: unused import: `std::time::Duration`
 --> crates\nanobot-core\src\memory\watcher.rs:6:5
  |
6 | use std::time::Duration;
  |     ^^^^^^^^^^^^^^^^^^^

warning: unused import: `crate::tools::ToolPolicy`
 --> crates\nanobot-core\src\security\audit.rs:2:5
  |
2 | use crate::tools::ToolPolicy;
  |     ^^^^^^^^^^^^^^^^^^^^^^^^

warning: unused import: `Context`
 --> crates\nanobot-core\src\security\audit.rs:3:14
  |
3 | use anyhow::{Context, Result};
  |              ^^^^^^^

warning: unused import: `PathBuf`
 --> crates\nanobot-core\src\security\audit.rs:5:23
  |
5 | use std::path::{Path, PathBuf};
  |                       ^^^^^^^

warning: unused import: `post`
 --> crates\nanobot-core\src\server\admin.rs:4:20
  |
4 |     routing::{get, post},
  |                    ^^^^

warning: unused import: `std::sync::Arc`
 --> crates\nanobot-core\src\shutdown.rs:2:5
  |
2 | use std::sync::Arc;
  |     ^^^^^^^^^^^^^^

warning: unused import: `super::commands::*`
 --> crates\nanobot-core\src\tools\executor.rs:6:5
  |
6 | use super::commands::*;
  |     ^^^^^^^^^^^^^^^^^^

warning: unused import: `super::websearch::*`
 --> crates\nanobot-core\src\tools\executor.rs:8:5
  |
8 | use super::websearch::*;
  |     ^^^^^^^^^^^^^^^^^^^

warning: unused variable: `model_override`
  --> crates\nanobot-core\src\cron\isolated_agent.rs:92:5
   |
92 |     model_override: Option<String>,
   |     ^^^^^^^^^^^^^^ help: if this is intentional, 
prefix it with an underscore: `_model_override`
   |
   = note: `#[warn(unused_variables)]` on by default

warning: unused variable: `root`
  --> crates\nanobot-core\src\memory\watcher.rs:90:28
   |
90 | fn is_ignored(path: &Path, root: &Path) -> bool {
   |                            ^^^^ help: if this is 
intentional, prefix it with an underscore: `_root`

warning: unused variable: `json`
   --> crates\nanobot-core\src\tools\executor.rs:269:13
    |
269 |         let json =
    |             ^^^^ help: if this is intentional, prefix 
it with an underscore: `_json`

warning: field `workspace_watcher` is never read
   --> crates\nanobot-core\src\agent\mod.rs:111:5
    |
105 | pub struct AgentLoop {
    |            --------- field in this struct
...
111 |     workspace_watcher: 
Option<crate::memory::WorkspaceWatcher>,
    |     ^^^^^^^^^^^^^^^^^
    |
    = note: `#[warn(dead_code)]` on by default

warning: field `watcher` is never read
  --> crates\nanobot-core\src\memory\watcher.rs:11:5
   |
10 | pub struct WorkspaceWatcher {
   |            ---------------- field in this struct
11 |     watcher: RecommendedWatcher,
   |     ^^^^^^^

warning: function `IsWritable` should have a snake case name
   --> crates\nanobot-core\src\security\audit.rs:186:4
    |
186 | fn IsWritable(path: &Path) -> bool {
    |    ^^^^^^^^^^ help: convert the identifier to snake 
case: `is_writable`
    |
    = note: `#[warn(non_snake_case)]` on by default

warning: `nanobot-core` (lib test) generated 17 warnings 
(run `cargo fix --lib -p nanobot-core --tests` to apply 11 
suggestions)
    Finished `test` profile [unoptimized + debuginfo] 
target(s) in 1.08s
     Running unittests src\lib.rs 
(target\debug\deps\nanobot_core-8ab4ce4b82c548fe.exe)

running 19 tests
test agent::personality::tests::test_extract_field ... ok
test agent::personality::tests::test_extract_section ... ok
test cron::isolated_agent::tests::test_truncate_utf8 ... ok
test telegram::tests::test_telegram_config ... ok
test pairing::tests::test_generate_code ... ok
test config::agent_loader::tests::test_load_manifest ... ok
test config::agent_manifest::tests::test_parse_manifest ... ok
test pairing::tests::test_pairing_flow ... ok
test server::admin::tests::test_health_check ... ok
test tools::policy::tests::test_builder_pattern ... ok
test console::tests::test_help_command ... ok
test tools::policy::tests::test_restrictive_policy ... ok
test tools::policy::tests::test_permissive_policy ... ok
test cron::run_log::tests::test_append_and_read ... ok
test script::tests::test_safety_limits ... ok
test script::tests::test_expression_eval ... FAILED
test script::tests::test_simple_function ... ok
test tools::executor::tests::test_tool_parsing ... ok
test cron::run_log::tests::test_auto_prune ... ok

failures:

---- script::tests::test_expression_eval stdout ----

thread 'script::tests::test_expression_eval' panicked at crates\nanobot-core\src\script\mod.rs:110:43:
called `Result::unwrap()` on an `Err` value: Evaluation failed: Variable not found: x (line 1, position 1)
note: run with `RUST_BACKTRACE=1` environment variable to display a backtrace


failures:
    script::tests::test_expression_eval

test result: FAILED. 18 passed; 1 failed; 0 ignored; 0 measured; 0 filtered out; finished in 0.33s

error: test failed, to rerun pass `-p nanobot-core --lib`
